[aetos.it.teithe.gr/_iliou/cs4601.0.delayed]
[aetos.it.teithe.gr/_iliou/cs4601/index.html]
[backblue.gif]
[fade.gif]
[index.html]
[aetos.it.teithe.gr/_iliou/cs4601/_themes/dbd-cool-tabs-blue/background.gif]
[aetos.it.teithe.gr/_iliou/cs4601/a_ogo_pliroforiki_red_13.gif]
[aetos.it.teithe.gr/_iliou/cs4601/index.2.gif]
[aetos.it.teithe.gr/_iliou/cs4601/_derived/syllabus.htm_cmp_dbd-cool-tabs-blue110_hbtn.gif]
[aetos.it.teithe.gr/_iliou/cs4601/_derived/syllabus.htm_cmp_dbd-cool-tabs-blue110_hbtn_a.gif]
[aetos.it.teithe.gr/_iliou/cs4601/syllabus.html]
[aetos.it.teithe.gr/_iliou/cs4601/_derived/lecture.htm_cmp_dbd-cool-tabs-blue110_hbtn.gif]
[aetos.it.teithe.gr/_iliou/cs4601/_derived/lecture.htm_cmp_dbd-cool-tabs-blue110_hbtn_a.gif]
[aetos.it.teithe.gr/_iliou/cs4601/lecture.html]
[aetos.it.teithe.gr/_iliou/cs4601/_derived/lab1.htm_cmp_dbd-cool-tabs-blue110_hbtn.gif]
[aetos.it.teithe.gr/_iliou/cs4601/_derived/lab1.htm_cmp_dbd-cool-tabs-blue110_hbtn_a.gif]
[aetos.it.teithe.gr/_iliou/cs4601/lab1.html]
[aetos.it.teithe.gr/_iliou/cs4601/_derived/lab.htm_cmp_dbd-cool-tabs-blue110_hbtn.gif]
[aetos.it.teithe.gr/_iliou/cs4601/_derived/lab.htm_cmp_dbd-cool-tabs-blue110_hbtn_a.gif]
[aetos.it.teithe.gr/_iliou/cs4601/lab.html]
[aetos.it.teithe.gr/_iliou/cs4601/_derived/work.htm_cmp_dbd-cool-tabs-blue110_hbtn.gif]
[aetos.it.teithe.gr/_iliou/cs4601/_derived/work.htm_cmp_dbd-cool-tabs-blue110_hbtn_a.gif]
[aetos.it.teithe.gr/_iliou/cs4601/work.html]
[aetos.it.teithe.gr/_iliou/cs4601/_derived/reading.htm_cmp_dbd-cool-tabs-blue110_hbtn.gif]
[aetos.it.teithe.gr/_iliou/cs4601/_derived/reading.htm_cmp_dbd-cool-tabs-blue110_hbtn_a.gif]
[aetos.it.teithe.gr/_iliou/cs4601/reading.html]
[aetos.it.teithe.gr/_iliou/cs4601/_derived/grads.htm_cmp_dbd-cool-tabs-blue110_hbtn.gif]
[aetos.it.teithe.gr/_iliou/cs4601/_derived/grads.htm_cmp_dbd-cool-tabs-blue110_hbtn_a.gif]
[aetos.it.teithe.gr/_iliou/cs4601/grads.html]
[aetos.it.teithe.gr/_iliou/cs4601/_derived/links.htm_cmp_dbd-cool-tabs-blue110_hbtn.gif]
[aetos.it.teithe.gr/_iliou/cs4601/_derived/links.htm_cmp_dbd-cool-tabs-blue110_hbtn_a.gif]
[aetos.it.teithe.gr/_iliou/cs4601/links.html]
[aetos.it.teithe.gr/_iliou/cs4601/images/row2.gif]
[aetos.it.teithe.gr/_iliou/cs4601/index-2.html]
[aetos.it.teithe.gr/_iliou/cs4601/_derived/home_cmp_dbd-cool-tabs-blue110_gbtn.gif]
[aetos.it.teithe.gr/_iliou/cs4601/nea.html]
[aetos.it.teithe.gr/_iliou/cs4601/_derived/nea.htm_cmp_dbd-cool-tabs-blue110_gbtn.gif]
[aetos.it.teithe.gr/_iliou/cs4601/contact.html]
[aetos.it.teithe.gr/_iliou/cs4601/_derived/contact.htm_cmp_dbd-cool-tabs-blue110_gbtn.gif]
[aetos.it.teithe.gr/_iliou/cs4601/images/row3.gif]
[aetos.it.teithe.gr/_iliou/cs4601/_derived/index.htm_cmp_dbd-cool-tabs-blue110_bnr.gif]
[aetos.it.teithe.gr/_iliou/cs4601/images/127-spacer.gif]
[aetos.it.teithe.gr/_iliou/cs4601/images/yellow-top.gif]
[aetos.it.teithe.gr/_iliou/cs4601/images/yellow-fill.gif]
[aetos.it.teithe.gr/_iliou/cs4601/journal.html]
[aetos.it.teithe.gr/_iliou/cs4601/books.html]
[aetos.it.teithe.gr/_iliou/cs4601/images/left-blue-top.gif]
[aetos.it.teithe.gr/_iliou/cs4601/images/left-blue-mid.gif]
[aetos.it.teithe.gr/_iliou/cs4601/_derived/syllabus.htm_cmp_dbd-cool-tabs-blue110_vbtn.gif]
[aetos.it.teithe.gr/_iliou/cs4601/_derived/syllabus.htm_cmp_dbd-cool-tabs-blue110_vbtn_a.gif]
[aetos.it.teithe.gr/_iliou/cs4601/_derived/lecture.htm_cmp_dbd-cool-tabs-blue110_vbtn.gif]
[aetos.it.teithe.gr/_iliou/cs4601/_derived/lecture.htm_cmp_dbd-cool-tabs-blue110_vbtn_a.gif]
[aetos.it.teithe.gr/_iliou/cs4601/_derived/lab1.htm_cmp_dbd-cool-tabs-blue110_vbtn.gif]
[aetos.it.teithe.gr/_iliou/cs4601/_derived/lab1.htm_cmp_dbd-cool-tabs-blue110_vbtn_a.gif]
[aetos.it.teithe.gr/_iliou/cs4601/_derived/lab.htm_cmp_dbd-cool-tabs-blue110_vbtn.gif]
[aetos.it.teithe.gr/_iliou/cs4601/_derived/lab.htm_cmp_dbd-cool-tabs-blue110_vbtn_a.gif]
[aetos.it.teithe.gr/_iliou/cs4601/_derived/work.htm_cmp_dbd-cool-tabs-blue110_vbtn.gif]
[aetos.it.teithe.gr/_iliou/cs4601/_derived/work.htm_cmp_dbd-cool-tabs-blue110_vbtn_a.gif]
[aetos.it.teithe.gr/_iliou/cs4601/_derived/reading.htm_cmp_dbd-cool-tabs-blue110_vbtn.gif]
[aetos.it.teithe.gr/_iliou/cs4601/_derived/reading.htm_cmp_dbd-cool-tabs-blue110_vbtn_a.gif]
[aetos.it.teithe.gr/_iliou/cs4601/_derived/grads.htm_cmp_dbd-cool-tabs-blue110_vbtn.gif]
[aetos.it.teithe.gr/_iliou/cs4601/_derived/grads.htm_cmp_dbd-cool-tabs-blue110_vbtn_a.gif]
[aetos.it.teithe.gr/_iliou/cs4601/_derived/links.htm_cmp_dbd-cool-tabs-blue110_vbtn.gif]
[aetos.it.teithe.gr/_iliou/cs4601/_derived/links.htm_cmp_dbd-cool-tabs-blue110_vbtn_a.gif]
[aetos.it.teithe.gr/_iliou/cs4601/images/left-blue-bottom.gif]
[aetos.it.teithe.gr/_iliou/cs4601/Greekchapterlogo.gif]
[aetos.it.teithe.gr/_iliou/cs4601/images/147-spacer.gif]
[aetos.it.teithe.gr/_iliou/cs4601/images/bottom1.gif]
[aetos.it.teithe.gr/_iliou/cs4601/index.html]
[aetos.it.teithe.gr/_iliou/cs4601/images/bottom2.gif]
[aetos.it.teithe.gr/_iliou/cs4601/_derived/syllabus.htm_cmp_dbd-cool-tabs-blue110_hbtn_p.gif]
[aetos.it.teithe.gr/_iliou/cs4601/row2.gif]
[aetos.it.teithe.gr/_iliou/cs4601/row3.gif]
[aetos.it.teithe.gr/_iliou/cs4601/_derived/syllabus.htm_cmp_dbd-cool-tabs-blue110_bnr.gif]
[aetos.it.teithe.gr/_iliou/cs4601/127-spacer.gif]
[aetos.it.teithe.gr/_iliou/cs4601/yellow-top.gif]
[aetos.it.teithe.gr/_iliou/cs4601/yellow-fill.gif]
[aetos.it.teithe.gr/_iliou/cs4601/left-blue-top.gif]
[aetos.it.teithe.gr/_iliou/cs4601/left-blue-mid.gif]
[aetos.it.teithe.gr/_iliou/cs4601/_derived/syllabus.htm_cmp_dbd-cool-tabs-blue110_vbtn_p.gif]
[aetos.it.teithe.gr/_iliou/cs4601/left-blue-bottom.gif]
[aetos.it.teithe.gr/_iliou/cs4601/Ilioudis_Syllabus_CS4601.pdf]
[aetos.it.teithe.gr/_iliou/cs4601/147-spacer.gif]
[aetos.it.teithe.gr/_iliou/cs4601/blue-mid.gif]
[aetos.it.teithe.gr/_iliou/cs4601/updates.gif]
[aetos.it.teithe.gr/_iliou/cs4601/topic1.gif]
[aetos.it.teithe.gr/_iliou/cs4601/blue-bottom.gif]
[aetos.it.teithe.gr/_iliou/cs4601/bottom1.gif]
[aetos.it.teithe.gr/_iliou/cs4601/bottom2.gif]
[aetos.it.teithe.gr/_iliou/cs4601/_derived/home_cmp_dbd-cool-tabs-blue110_home.gif]
[aetos.it.teithe.gr/_iliou/cs4601/_derived/home_cmp_dbd-cool-tabs-blue110_home_a.gif]
[aetos.it.teithe.gr/_iliou/cs4601/_derived/next_cmp_dbd-cool-tabs-blue110_next.gif]
[aetos.it.teithe.gr/_iliou/cs4601/_derived/next_cmp_dbd-cool-tabs-blue110_next_a.gif]
[aetos.it.teithe.gr/_iliou/cs4601/syllabus.html]
[aetos.it.teithe.gr/_iliou/cs4601/_derived/lecture.htm_cmp_dbd-cool-tabs-blue110_hbtn_p.gif]
[aetos.it.teithe.gr/_iliou/cs4601/_derived/lecture.htm_cmp_dbd-cool-tabs-blue110_bnr.gif]
[aetos.it.teithe.gr/_iliou/cs4601/_derived/lecture.htm_cmp_dbd-cool-tabs-blue110_vbtn_p.gif]
[aetos.it.teithe.gr/_iliou/cs4601/_themes/dbd-cool-tabs-blue/bullet1.gif]
[aetos.it.teithe.gr/_iliou/cs4601/noexternalweb/lectures/syllabus.pdf]
[aetos.it.teithe.gr/_iliou/cs4601/noexternalweb/lectures/introduction.pdf]
[aetos.it.teithe.gr/_iliou/cs4601/noexternalweb/software/CSISurvey2007.pdf]
[aetos.it.teithe.gr/_iliou/cs4601/noexternalweb/lectures/acp.pdf]
[aetos.it.teithe.gr/_iliou/cs4601/noexternalweb/lectures/security policy_b.pdf]
[aetos.it.teithe.gr/_iliou/cs4601/noexternalweb/lectures/I2E12T5.pdf]
[aetos.it.teithe.gr/_iliou/cs4601/noexternalweb/lectures/security_models.pdf]
[aetos.it.teithe.gr/_iliou/cs4601/noexternalweb/lectures/Risk_Analysis.pdf]
[aetos.it.teithe.gr/_iliou/cs4601/noexternalweb/lectures/crypt.pdf]
[aetos.it.teithe.gr/_iliou/cs4601/noexternalweb/lectures/bday_paradox_gr.pdf]
[aetos.it.teithe.gr/_iliou/cs4601/noexternalweb/lectures/lecture_id.pdf]
[aetos.it.teithe.gr/_iliou/cs4601/noexternalweb/lectures/lecture7_ kerberos_certifications.pdf]
[aetos.it.teithe.gr/_iliou/cs4601/noexternalweb/lectures/database-security.pdf]
[aetos.it.teithe.gr/_iliou/cs4601/noexternalweb/lectures/virus.pdf]
[aetos.it.teithe.gr/_iliou/cs4601/noexternalweb/work/twp_security_checklist_db_database.pdf]
[aetos.it.teithe.gr/_iliou/cs4601/noexternalweb/lectures/Intro_net_security.pdf]
[aetos.it.teithe.gr/_iliou/cs4601/noexternalweb/lectures/ipsec.pdf]
[aetos.it.teithe.gr/_iliou/cs4601/noexternalweb/lectures/SSL_others.pdf]
[aetos.it.teithe.gr/_iliou/cs4601/noexternalweb/lectures/Firewalls.pdf]
[aetos.it.teithe.gr/_iliou/cs4601/noexternalweb/lectures/wv.pdf]
[aetos.it.teithe.gr/_iliou/cs4601/noexternalweb/lectures/review.pdf]
[aetos.it.teithe.gr/_iliou/cs4601/_derived/back_cmp_dbd-cool-tabs-blue110_back.gif]
[aetos.it.teithe.gr/_iliou/cs4601/_derived/back_cmp_dbd-cool-tabs-blue110_back_a.gif]
[aetos.it.teithe.gr/_iliou/cs4601/lecture.html]
[aetos.it.teithe.gr/_iliou/cs4601/_derived/lab1.htm_cmp_dbd-cool-tabs-blue110_hbtn_p.gif]
[aetos.it.teithe.gr/_iliou/cs4601/_derived/lab1.htm_cmp_dbd-cool-tabs-blue110_bnr.gif]
[aetos.it.teithe.gr/_iliou/cs4601/_derived/lab1.htm_cmp_dbd-cool-tabs-blue110_vbtn_p.gif]
[aetos.it.teithe.gr/_iliou/cs4601/noexternalweb/software/WiresharkPortable-1.0.0.paf.exe]
[aetos.it.teithe.gr/_iliou/cs4601/noexternalweb/software/wireshark-setup-1.0.4.exe]
[aetos.it.teithe.gr/_iliou/cs4601/noexternalweb/software/ophcrack-win32-installer-3.2.0.exe]
[aetos.it.teithe.gr/_iliou/cs4601/noexternalweb/software/ca_setup.exe]
[aetos.it.teithe.gr/_iliou/cs4601/noexternalweb/software/john171w.zip]
[aetos.it.teithe.gr/_iliou/cs4601/noexternalweb/software/pscan13.exe]
[aetos.it.teithe.gr/_iliou/cs4601/noexternalweb/software/achilles-0-27.zip]
[aetos.it.teithe.gr/_iliou/cs4601/lab1.html]
[aetos.it.teithe.gr/_iliou/cs4601/noexternalweb/lab/intro_lab.pdf]
[aetos.it.teithe.gr/_iliou/cs4601/noexternalweb/lab/sec_policy.pdf]
[aetos.it.teithe.gr/_iliou/cs4601/noexternalweb/lab/LAB_security_policy.pdf]
[aetos.it.teithe.gr/_iliou/cs4601/noexternalweb/lab/2.lab.pdf]
[aetos.it.teithe.gr/_iliou/cs4601/noexternalweb/lab/MSAT.2.0.45-US-C1005.MSI]
[aetos.it.teithe.gr/_iliou/cs4601/noexternalweb/software/MSAT40en_UK.rar]
[aetos.it.teithe.gr/_iliou/cs4601/noexternalweb/software/SAT.exe]
[aetos.it.teithe.gr/_iliou/cs4601/noexternalweb/lab/sec0421.pdf]
[aetos.it.teithe.gr/_iliou/cs4601/noexternalweb/lab/Εισαγωγή.pdf]
[aetos.it.teithe.gr/_iliou/cs4601/noexternalweb/lab/lab3.pdf]
[aetos.it.teithe.gr/_iliou/cs4601/noexternalweb/lab/intro_3.pdf]
[aetos.it.teithe.gr/_iliou/cs4601/noexternalweb/lab/wordlist.zip]
[aetos.it.teithe.gr/_iliou/cs4601/noexternalweb/lab/fzc105c.zip]
[aetos.it.teithe.gr/_iliou/cs4601/noexternalweb/lab/tocrack.zip]
[aetos.it.teithe.gr/_iliou/cs4601/noexternalweb/lab/password.html]
[aetos.it.teithe.gr/_iliou/cs4601/noexternalweb/lab/passwd2.txt]
[aetos.it.teithe.gr/_iliou/cs4601/noexternalweb/lab/passwd.txt]
[aetos.it.teithe.gr/_iliou/cs4601/noexternalweb/lab/shadow.txt]
[aetos.it.teithe.gr/_iliou/cs4601/noexternalweb/software/cracking-windows-vista-passwords-with-ophcrack-and-cain.swf]
[aetos.it.teithe.gr/_iliou/cs4601/noexternalweb/lab/lab4_new.pdf]
[aetos.it.teithe.gr/_iliou/cs4601/noexternalweb/lab/lab4.pdf]
[aetos.it.teithe.gr/_iliou/cs4601/noexternalweb/lab/DES.pdf]
[aetos.it.teithe.gr/_iliou/cs4601/noexternalweb/lab/simpleDES.Java]
[aetos.it.teithe.gr/_iliou/cs4601/noexternalweb/lab/DES.java]
[aetos.it.teithe.gr/_iliou/cs4601/noexternalweb/lectures/javasec.pdf]
[aetos.it.teithe.gr/_iliou/cs4601/noexternalweb/lab/javasec.pdf]
[aetos.it.teithe.gr/_iliou/cs4601/noexternalweb/lab/lab5.pdf]
[aetos.it.teithe.gr/_iliou/cs4601/noexternalweb/lab/lab6_new.pdf]
[aetos.it.teithe.gr/_iliou/cs4601/noexternalweb/lab/lab6.pdf]
[aetos.it.teithe.gr/_iliou/cs4601/noexternalweb/lab/lab6new.pdf]
[aetos.it.teithe.gr/_iliou/cs4601/noexternalweb/lab/lab8.pdf]
[aetos.it.teithe.gr/_iliou/cs4601/noexternalweb/lab/Slides Keytool.pdf]
[aetos.it.teithe.gr/_iliou/cs4601/noexternalweb/lab/lab10.pdf]
[aetos.it.teithe.gr/_iliou/cs4601/noexternalweb/lab/vitels_4-2-3_a.swf]
[aetos.it.teithe.gr/_iliou/cs4601/noexternalweb/lab/Lab10b.pdf]
[aetos.it.teithe.gr/_iliou/cs4601/lab.html]
[aetos.it.teithe.gr/_iliou/cs4601/_derived/work.htm_cmp_dbd-cool-tabs-blue110_hbtn_p.gif]
[aetos.it.teithe.gr/_iliou/cs4601/_derived/work.htm_cmp_dbd-cool-tabs-blue110_bnr.gif]
[aetos.it.teithe.gr/_iliou/cs4601/_derived/work.htm_cmp_dbd-cool-tabs-blue110_vbtn_p.gif]
[aetos.it.teithe.gr/_iliou/cs4601/noexternalweb/work/essay2.pdf]
[aetos.it.teithe.gr/_iliou/cs4601/noexternalweb/work/VMware player guide.pdf]
[aetos.it.teithe.gr/_iliou/cs4601/noexternalweb/work/Ubuntu-vuln.rar]
[aetos.it.teithe.gr/_iliou/cs4601/noexternalweb/work/essay1.pdf]
[aetos.it.teithe.gr/_iliou/cs4601/noexternalweb/work/Thrombin_Thesis.bmp]
[aetos.it.teithe.gr/_iliou/cs4601/noexternalweb/work/enisa_pp_social_networks.pdf]
[aetos.it.teithe.gr/_iliou/cs4601/work.html]
[aetos.it.teithe.gr/_iliou/cs4601/_derived/reading.htm_cmp_dbd-cool-tabs-blue110_hbtn_p.gif]
[aetos.it.teithe.gr/_iliou/cs4601/_derived/reading.htm_cmp_dbd-cool-tabs-blue110_bnr.gif]
[aetos.it.teithe.gr/_iliou/cs4601/_derived/up_cmp_dbd-cool-tabs-blue110_vbtn.gif]
[aetos.it.teithe.gr/_iliou/cs4601/_derived/up_cmp_dbd-cool-tabs-blue110_vbtn_a.gif]
[aetos.it.teithe.gr/_iliou/cs4601/_derived/books.htm_cmp_dbd-cool-tabs-blue110_vbtn.gif]
[aetos.it.teithe.gr/_iliou/cs4601/_derived/books.htm_cmp_dbd-cool-tabs-blue110_vbtn_a.gif]
[aetos.it.teithe.gr/_iliou/cs4601/_derived/journal.htm_cmp_dbd-cool-tabs-blue110_vbtn.gif]
[aetos.it.teithe.gr/_iliou/cs4601/reading.html]
[aetos.it.teithe.gr/_iliou/cs4601/_derived/journal.htm_cmp_dbd-cool-tabs-blue110_vbtn_a.gif]
[aetos.it.teithe.gr/_iliou/cs4601/_derived/grads.htm_cmp_dbd-cool-tabs-blue110_hbtn_p.gif]
[aetos.it.teithe.gr/_iliou/cs4601/_derived/grads.htm_cmp_dbd-cool-tabs-blue110_bnr.gif]
[aetos.it.teithe.gr/_iliou/cs4601/_derived/grads.htm_cmp_dbd-cool-tabs-blue110_vbtn_p.gif]
[aetos.it.teithe.gr/_iliou/cs4601/grads.html]
[aetos.it.teithe.gr/_iliou/cs4601/_derived/links.htm_cmp_dbd-cool-tabs-blue110_hbtn_p.gif]
[aetos.it.teithe.gr/_iliou/cs4601/_derived/links.htm_cmp_dbd-cool-tabs-blue110_bnr.gif]
[aetos.it.teithe.gr/_iliou/cs4601/_derived/links.htm_cmp_dbd-cool-tabs-blue110_vbtn_p.gif]
[aetos.it.teithe.gr/_iliou/cs4601/logo_purple.gif]
[aetos.it.teithe.gr/_iliou/cs4601/IEEE_logo_nu.gif]
[aetos.it.teithe.gr/_iliou/cs4601/rsa_top_nav_off_07.gif]
[aetos.it.teithe.gr/_iliou/cs4601/bluenewone.gif]
[aetos.it.teithe.gr/_iliou/cs4601/LogoButton.gif]
[aetos.it.teithe.gr/_iliou/cs4601/divisionlogo_left.jpg]
[aetos.it.teithe.gr/_iliou/cs4601/links.html]
[aetos.it.teithe.gr/_iliou/cs4601/index-2.html]
[aetos.it.teithe.gr/_iliou/cs4601/_derived/nea.htm_cmp_dbd-cool-tabs-blue110_bnr.gif]
[aetos.it.teithe.gr/_iliou/cs4601/images/blue-mid.gif]
[aetos.it.teithe.gr/_iliou/cs4601/images/updates.gif]
[aetos.it.teithe.gr/_iliou/cs4601/images/blue-bottom.gif]
[aetos.it.teithe.gr/_iliou/cs4601/nea.html]
[aetos.it.teithe.gr/_iliou/cs4601/_derived/contact.htm_cmp_dbd-cool-tabs-blue110_bnr.gif]
[aetos.it.teithe.gr/_iliou/cs4601/contact.html]
[aetos.it.teithe.gr/_iliou/cs4601/_derived/journal.htm_cmp_dbd-cool-tabs-blue110_bnr.gif]
[aetos.it.teithe.gr/_iliou/cs4601/_derived/journal.htm_cmp_dbd-cool-tabs-blue110_vbtn_p.gif]
[aetos.it.teithe.gr/_iliou/cs4601/cipher.gif]
[aetos.it.teithe.gr/_iliou/cs4601/journal-cover-image.gif]
[aetos.it.teithe.gr/_iliou/cs4601/s10207.gif]
[aetos.it.teithe.gr/_iliou/cs4601/comsec.gif]
[aetos.it.teithe.gr/_iliou/cs4601/images/topic1.gif]
[aetos.it.teithe.gr/_iliou/cs4601/_derived/up_cmp_dbd-cool-tabs-blue110_up.gif]
[aetos.it.teithe.gr/_iliou/cs4601/_derived/up_cmp_dbd-cool-tabs-blue110_up_a.gif]
[aetos.it.teithe.gr/_iliou/cs4601/journal.html]
[aetos.it.teithe.gr/_iliou/cs4601/_derived/books.htm_cmp_dbd-cool-tabs-blue110_bnr.gif]
[aetos.it.teithe.gr/_iliou/cs4601/_derived/books.htm_cmp_dbd-cool-tabs-blue110_vbtn_p.gif]
[aetos.it.teithe.gr/_iliou/cs4601/books.html]
[aetos.it.teithe.gr/_iliou/cs4601/noexternalweb/lectures/syllabus.html]
[aetos.it.teithe.gr/_iliou/cs4601/noexternalweb/lectures/introduction.html]
[aetos.it.teithe.gr/_iliou/cs4601/noexternalweb/software/CSISurvey2007.html]
[aetos.it.teithe.gr/_iliou/cs4601/noexternalweb/lectures/acp.html]
[aetos.it.teithe.gr/_iliou/cs4601/noexternalweb/lectures/security policy_b.html]
[aetos.it.teithe.gr/_iliou/cs4601/noexternalweb/lectures/I2E12T5.html]
[aetos.it.teithe.gr/_iliou/cs4601/noexternalweb/lectures/security_models.html]
[aetos.it.teithe.gr/_iliou/cs4601/noexternalweb/lectures/Risk_Analysis.html]
[aetos.it.teithe.gr/_iliou/cs4601/noexternalweb/lectures/crypt.html]
[aetos.it.teithe.gr/_iliou/cs4601/noexternalweb/lectures/bday_paradox_gr.html]
[aetos.it.teithe.gr/_iliou/cs4601/noexternalweb/lectures/lecture_id.html]
[aetos.it.teithe.gr/_iliou/cs4601/noexternalweb/lectures/lecture7_ kerberos_certifications.html]
[aetos.it.teithe.gr/_iliou/cs4601/noexternalweb/lectures/database-security.html]
[aetos.it.teithe.gr/_iliou/cs4601/noexternalweb/lectures/virus.html]
[aetos.it.teithe.gr/_iliou/cs4601/noexternalweb/work/twp_security_checklist_db_database.html]
[aetos.it.teithe.gr/_iliou/cs4601/noexternalweb/lectures/Intro_net_security.html]
[aetos.it.teithe.gr/_iliou/cs4601/noexternalweb/lectures/ipsec.html]
[aetos.it.teithe.gr/_iliou/cs4601/noexternalweb/lectures/SSL_others.html]
[aetos.it.teithe.gr/_iliou/cs4601/noexternalweb/lectures/Firewalls.html]
[aetos.it.teithe.gr/_iliou/cs4601/noexternalweb/lectures/wv.html]
[aetos.it.teithe.gr/_iliou/cs4601/noexternalweb/lectures/review.html]
[aetos.it.teithe.gr/_iliou/cs4601/noexternalweb/software/WiresharkPortable-1.0.0.paf.html]
[aetos.it.teithe.gr/_iliou/cs4601/noexternalweb/software/wireshark-setup-1.0.4.html]
[aetos.it.teithe.gr/_iliou/cs4601/noexternalweb/software/ophcrack-win32-installer-3.2.0.html]
[aetos.it.teithe.gr/_iliou/cs4601/noexternalweb/software/ca_setup.html]
[aetos.it.teithe.gr/_iliou/cs4601/noexternalweb/software/john171w.html]
[aetos.it.teithe.gr/_iliou/cs4601/noexternalweb/software/pscan13.html]
[aetos.it.teithe.gr/_iliou/cs4601/noexternalweb/software/achilles-0-27.html]
[aetos.it.teithe.gr/_iliou/cs4601/noexternalweb/lab/intro_lab.html]
[aetos.it.teithe.gr/_iliou/cs4601/noexternalweb/lab/sec_policy.html]
[aetos.it.teithe.gr/_iliou/cs4601/noexternalweb/lab/LAB_security_policy.html]
[aetos.it.teithe.gr/_iliou/cs4601/noexternalweb/lab/2.lab.html]
[aetos.it.teithe.gr/_iliou/cs4601/noexternalweb/lab/MSAT.2.0.45-US-C1005.html]
[aetos.it.teithe.gr/_iliou/cs4601/noexternalweb/software/MSAT40en_UK.html]
[aetos.it.teithe.gr/_iliou/cs4601/noexternalweb/software/SAT.html]
[aetos.it.teithe.gr/_iliou/cs4601/noexternalweb/lab/sec0421.html]
[aetos.it.teithe.gr/_iliou/cs4601/noexternalweb/lab/Εισαγωγή.html]
[aetos.it.teithe.gr/_iliou/cs4601/noexternalweb/lab/lab3.html]
[aetos.it.teithe.gr/_iliou/cs4601/noexternalweb/lab/intro_3.html]
[aetos.it.teithe.gr/_iliou/cs4601/noexternalweb/lab/wordlist.html]
[aetos.it.teithe.gr/_iliou/cs4601/noexternalweb/lab/fzc105c.html]
[aetos.it.teithe.gr/_iliou/cs4601/noexternalweb/lab/tocrack.html]
[aetos.it.teithe.gr/_iliou/cs4601/noexternalweb/lab/password.html]
[aetos.it.teithe.gr/_iliou/cs4601/noexternalweb/lab/passwd2.html]
[aetos.it.teithe.gr/_iliou/cs4601/noexternalweb/lab/passwd.html]
[aetos.it.teithe.gr/_iliou/cs4601/noexternalweb/lab/shadow.html]
[aetos.it.teithe.gr/_iliou/cs4601/noexternalweb/software/cracking-windows-vista-passwords-with-ophcrack-and-cain.html]
[aetos.it.teithe.gr/_iliou/cs4601/noexternalweb/lab/lab4_new.html]
[aetos.it.teithe.gr/_iliou/cs4601/noexternalweb/lab/lab4.html]
[aetos.it.teithe.gr/_iliou/cs4601/noexternalweb/lab/DES.html]
[aetos.it.teithe.gr/_iliou/cs4601/noexternalweb/lab/simpleDES.html]
[aetos.it.teithe.gr/_iliou/cs4601/noexternalweb/lab/DES-2.html]
[aetos.it.teithe.gr/_iliou/cs4601/noexternalweb/lectures/javasec.html]
[aetos.it.teithe.gr/_iliou/cs4601/noexternalweb/lab/javasec.html]
[aetos.it.teithe.gr/_iliou/cs4601/noexternalweb/lab/lab5.html]
[aetos.it.teithe.gr/_iliou/cs4601/noexternalweb/lab/lab6_new.html]
[aetos.it.teithe.gr/_iliou/cs4601/noexternalweb/lab/lab6.html]
[aetos.it.teithe.gr/_iliou/cs4601/noexternalweb/lab/lab6new.html]
[aetos.it.teithe.gr/_iliou/cs4601/noexternalweb/lab/lab8.html]
[aetos.it.teithe.gr/_iliou/cs4601/noexternalweb/lab/Slides Keytool.html]
[aetos.it.teithe.gr/_iliou/cs4601/noexternalweb/lab/lab10.html]
[aetos.it.teithe.gr/_iliou/cs4601/noexternalweb/lab/vitels_4-2-3_a.html]
[aetos.it.teithe.gr/_iliou/cs4601/noexternalweb/lab/Lab10b.html]
[aetos.it.teithe.gr/_iliou/cs4601/noexternalweb/work/essay2.html]
[aetos.it.teithe.gr/_iliou/cs4601/noexternalweb/work/VMware player guide.html]
[aetos.it.teithe.gr/_iliou/cs4601/noexternalweb/work/Ubuntu-vuln.html]
[aetos.it.teithe.gr/_iliou/cs4601/noexternalweb/work/essay1.html]
[aetos.it.teithe.gr/_iliou/cs4601/noexternalweb/work/Thrombin_Thesis.html]
[aetos.it.teithe.gr/_iliou/cs4601/noexternalweb/work/enisa_pp_social_networks.html]
